**********************
Windows PowerShell transcript start
Start time: 20200517163237
Username: XINGYIPC2020\xingy
RunAs User: XINGYIPC2020\xingy
Configuration Name: 
Machine: XINGYIPC2020 (Microsoft Windows NT 10.0.18362.0)
Host Application: C:\Windows\System32\WindowsPowerShell\v1.0\powershell.exe
Process ID: 16500
PSVersion: 5.1.18362.752
PSEdition: Desktop
PSCompatibleVersions: 1.0, 2.0, 3.0, 4.0, 5.0, 5.1.18362.752
BuildVersion: 10.0.18362.752
CLRVersion: 4.0.30319.42000
WSManStackVersion: 3.0
PSRemotingProtocolVersion: 2.3
SerializationVersion: 1.1.0.1
**********************
Transcript started, output file is C:\transcripts\webpage.txt
PS C:\Users\xingy> get-help *html*

NAME
    ConvertTo-Html

SYNOPSIS
    Converts Microsoft .NET Framework objects into HTML that can be displayed in a Web browser.


SYNTAX
    ConvertTo-Html [[-Property] <Object[]>] [[-Head] <String[]>] [[-Title] <String>] [[-Body]
    <String[]>] [-As {Table | List}] [-CssUri <Uri>] [-InputObject <PSObject>] [-PostContent
    <String[]>] [-PreContent <String[]>] [<CommonParameters>]

    ConvertTo-Html [[-Property] <Object[]>] [-As {Table | List}] [-Fragment] [-InputObject
    <PSObject>] [-PostContent <String[]>] [-PreContent <String[]>] [<CommonParameters>]


DESCRIPTION
    The ConvertTo-Html cmdlet converts .NET Framework objects into HTML that can be displayed in a
    Web browser. You can use this cmdlet to display the output of a command in a Web page.

    You can use the parameters of ConvertTo-Html to select object properties, to specify a table or
    list format, to specify the HTML page title, to add text before and after the object, and to
    return only the table or list fragment, instead of a strict DTD page.

    When you submit multiple objects to ConvertTo-Html , Windows PowerShell creates the table (or
    list) based on the properties of the first object that you submit. If the remaining objects do
    not have one of the specified properties, the property value of that object is an empty cell. If
    the remaining objects have additional properties, those property values are not included in the
    file.


RELATED LINKS
    Online Version: http://go.microsoft.com/fwlink/?LinkId=821758
    ConvertTo-Csv
    ConvertTo-Json
    ConvertTo-Xml
    Export-Clixml
    Import-Clixml

REMARKS
    To see the examples, type: "get-help ConvertTo-Html -examples".
    For more information, type: "get-help ConvertTo-Html -detailed".
    For technical information, type: "get-help ConvertTo-Html -full".
    For online help, type: "get-help ConvertTo-Html -online"


PS C:\Users\xingy> Get-EventLog -logname system -Newest 5 -EntryType error

   Index Time          EntryType   Source                 InstanceID Message
   ----- ----          ---------   ------                 ---------- -------
   17831 May 15 21:10  Error       DCOM                        10010 The description for Event ID '...
   17830 May 15 21:10  Error       DCOM                        10010 The description for Event ID '...
   17829 May 15 21:10  Error       DCOM                        10010 The description for Event ID '...
   17828 May 15 21:10  Error       DCOM                        10010 The description for Event ID '...
   17613 May 14 22:12  Error       Service Control M...   3221232483 A timeout (30000 milliseconds)...


PS C:\Users\xingy> Get-EventLog -logname system -Newest 5 -EntryType error | convertto-html | out-file C:\transcripts\error.html
PS C:\Users\xingy> ..\transcripts\error.html
..\transcripts\error.html : The term '..\transcripts\error.html' is not recognized as the name of a cmdlet, function, 
script file, or operable program. Check the spelling of the name, or if a path was included, verify that the path is 
correct and try again.
At line:1 char:1
+ ..\transcripts\error.html
+ ~~~~~~~~~~~~~~~~~~~~~~~~~
    + CategoryInfo          : ObjectNotFound: (..\transcripts\error.html:String) [], CommandNotFoundException
    + FullyQualifiedErrorId : CommandNotFoundException
..\transcripts\error.html : The term '..\transcripts\error.html' is not recognized as the name of a
cmdlet, function, script file, or operable program. Check the spelling of the name, or if a path was
included, verify that the path is correct and try again.
At line:1 char:1
+ ..\transcripts\error.html
+ ~~~~~~~~~~~~~~~~~~~~~~~~~
    + CategoryInfo          : ObjectNotFound: (..\transcripts\error.html:String) [], CommandNotFoundE
   xception
    + FullyQualifiedErrorId : CommandNotFoundException

PS C:\Users\xingy> C:\transcripts\error.html
PS C:\Users\xingy> Get-EventLog -logname system -Newest 5 -EntryType error | convertto-html | -title "Windows Errors" -Body (Get-Date) -PreContent "<p> Generated by Xingyi</p>" -PostContent "For more details, check the full server log" | out-file C:\transcripts\error.html
-title : The term '-title' is not recognized as the name of a cmdlet, function, script file, or operable program. Check 
the spelling of the name, or if a path was included, verify that the path is correct and try again.
At line:1 char:76
+ ... e system -Newest 5 -EntryType error | convertto-html | -title "Window ...
+                                                            ~~~~~~
    + CategoryInfo          : ObjectNotFound: (-title:String) [], CommandNotFoundException
    + FullyQualifiedErrorId : CommandNotFoundException
-title : The term '-title' is not recognized as the name of a cmdlet, function, script file, or
operable program. Check the spelling of the name, or if a path was included, verify that the path is
correct and try again.
At line:1 char:76
+ ... e system -Newest 5 -EntryType error | convertto-html | -title "Window ...
+                                                            ~~~~~~
    + CategoryInfo          : ObjectNotFound: (-title:String) [], CommandNotFoundException
    + FullyQualifiedErrorId : CommandNotFoundException

PS C:\Users\xingy> Get-EventLog -logname system -Newest 5 -EntryType error | convertto-html -title "Windows Errors" -Body (Get-Date) -PreContent "<p> Generated by Xingyi</p>" -PostContent "For more details, check the full server log" | out-file C:\transcripts\error.html
PS C:\Users\xingy> C:\transcripts\error.html
PS C:\Users\xingy> Stop-Transcript
**********************
Windows PowerShell transcript end
End time: 20200517164717
**********************
