**********************
Windows PowerShell transcript start
Start time: 20200517114722
Username: XINGYIPC2020\xingy
RunAs User: XINGYIPC2020\xingy
Configuration Name: 
Machine: XINGYIPC2020 (Microsoft Windows NT 10.0.18362.0)
Host Application: C:\Windows\System32\WindowsPowerShell\v1.0\powershell.exe
Process ID: 9380
PSVersion: 5.1.18362.752
PSEdition: Desktop
PSCompatibleVersions: 1.0, 2.0, 3.0, 4.0, 5.0, 5.1.18362.752
BuildVersion: 10.0.18362.752
CLRVersion: 4.0.30319.42000
WSManStackVersion: 3.0
PSRemotingProtocolVersion: 2.3
SerializationVersion: 1.1.0.1
**********************
Transcript started, output file is .\transcripts\module.txt
PS C:\WINDOWS\system32> get-module

ModuleType Version    Name                                Exporte
                                                          dComman
                                                          ds
---------- -------    ----                                -------
Manifest   3.0.0.0    Microsoft.PowerShell.Host           {Sta...
Manifest   3.1.0.0    Microsoft.PowerShell.Management     {Add...
Manifest   3.1.0.0    Microsoft.PowerShell.Utility        {Add...
Binary     1.0.0.1    PackageManagement                   {Fin...
Script     1.0.0.1    PowerShellGet                       {Fin...
Script     2.0.0      PSReadline                          {Get...


PS C:\WINDOWS\system32> get-module -ListAvailable


    Directory: C:\Program Files\WindowsPowerShell\Modules


ModuleType Version    Name                                Exporte
                                                          dComman
                                                          ds
---------- -------    ----                                -------
Script     1.0.1      Microsoft.PowerShell.Operation.V... {Get...
Binary     1.0.0.1    PackageManagement                   {Fin...
Script     3.4.0      Pester                              {Des...
Script     1.0.0.1    PowerShellGet                       {Ins...
Script     4.8.0      PSAutoLab                           {Ena...
Script     2.0.0      PSReadline                          {Get...


    Directory: C:\WINDOWS\system32\WindowsPowerShell\v1.0\Modules


ModuleType Version    Name                                Exporte
                                                          dComman
                                                          ds
---------- -------    ----                                -------
Manifest   1.0.0.0    AppBackgroundTask                   {Dis...
Manifest   2.0.1.0    Appx                                {Add...
Manifest   1.0.0.0    BitLocker                           {Unl...
Manifest   2.0.0.0    BitsTransfer                        {Add...
Manifest   1.0.0.0    CimCmdlets                          {Get...
Manifest   1.0        ConfigDefender                      {Get...
Manifest   1.0        Defender                            {Get...
Manifest   1.0.2.0    DeliveryOptimization                {Del...
Manifest   1.0.0.0    DirectAccessClientComponents        {Dis...
Script     3.0        Dism                                {Add...
Manifest   1.0.0.0    DnsClient                           {Res...
Manifest   1.0.0.0    EventTracingManagement              {Sta...
Script     1.1.0.0    IISAdministration                   {Get...
Manifest   2.0.0.0    International                       {Get...
Manifest   1.0.0.0    iSCSI                               {Get...
Script     1.0.0.0    ISE                                 {New...
Manifest   1.0.0.0    Kds                                 {Add...
Manifest   1.0.1.0    Microsoft.PowerShell.Archive        {Com...
Manifest   3.0.0.0    Microsoft.PowerShell.Diagnostics    {Get...
Manifest   3.0.0.0    Microsoft.PowerShell.Host           {Sta...
Manifest   1.0.0.0    Microsoft.PowerShell.LocalAccounts  {Add...
Manifest   3.1.0.0    Microsoft.PowerShell.Management     {Add...
Script     1.0        Microsoft.PowerShell.ODataUtils     Expo...
Manifest   3.0.0.0    Microsoft.PowerShell.Security       {Get...
Manifest   3.1.0.0    Microsoft.PowerShell.Utility        {For...
Manifest   3.0.0.0    Microsoft.WSMan.Management          {Dis...
Manifest   1.0        MMAgent                             {Dis...
Manifest   1.0.0.0    MsDtc                               {New...
Manifest   2.0.0.0    NetAdapter                          {Dis...
Manifest   1.0.0.0    NetConnection                       {Get...
Manifest   1.0.0.0    NetEventPacketCapture               {New...
Manifest   2.0.0.0    NetLbfo                             {Add...
Manifest   1.0.0.0    NetNat                              {Get...
Manifest   2.0.0.0    NetQos                              {Get...
Manifest   2.0.0.0    NetSecurity                         {Get...
Manifest   1.0.0.0    NetSwitchTeam                       {New...
Manifest   1.0.0.0    NetTCPIP                            {Get...
Manifest   1.0.0.0    NetworkConnectivityStatus           {Get...
Manifest   1.0.0.0    NetworkSwitchManager                {Dis...
Manifest   1.0.0.0    NetworkTransition                   {Add...
Manifest   1.0.0.0    PcsvDevice                          {Get...
Binary     1.0.0.0    PersistentMemory                    {Get...
Manifest   1.0.0.0    PKI                                 {Add...
Manifest   1.0.0.0    PnpDevice                           {Get...
Manifest   1.1        PrintManagement                     {Add...
Binary     1.0.11     ProcessMitigations                  {Get...
Script     3.0        Provisioning                        {Ins...
Manifest   1.1        PSDesiredStateConfiguration         {Set...
Script     1.0.0.0    PSDiagnostics                       {Dis...
Binary     1.1.0.0    PSScheduledJob                      {New...
Manifest   2.0.0.0    PSWorkflow                          {New...
Manifest   1.0.0.0    PSWorkflowUtility                   Invo...
Manifest   1.0.0.0    ScheduledTasks                      {Get...
Manifest   2.0.0.0    SecureBoot                          {Con...
Manifest   2.0.0.0    SmbShare                            {Get...
Manifest   2.0.0.0    SmbWitness                          {Get...
Manifest   1.0.0.0    StartLayout                         {Exp...
Manifest   2.0.0.0    Storage                             {Add...
Manifest   1.0.0.0    StorageBusCache                     {Cle...
Manifest   2.0.0.0    TLS                                 {New...
Manifest   1.0.0.0    TroubleshootingPack                 {Get...
Manifest   2.0.0.0    TrustedPlatformModule               {Get...
Manifest   2.0.0.0    VpnClient                           {Add...
Manifest   1.0.0.0    Wdac                                {Get...
Manifest   1.0.0.0    WebAdministration                   {Sta...
Manifest   2.0.0.0    Whea                                {Get...
Manifest   1.0.0.0    WindowsDeveloperLicense             {Get...
Script     1.0        WindowsErrorReporting               {Ena...
Manifest   1.0.0.0    WindowsSearch                       {Get...
Manifest   1.0.0.0    WindowsUpdate                       Get-...
Manifest   1.0.0.2    WindowsUpdateProvider               {Get...


PS C:\WINDOWS\system32> get-help *module*

Name                              Category  Module
----                              --------  ------
ImportSystemModules               Function
Find-Module                       Function  PowerShellGet
Get-InstalledModule               Function  PowerShellGet
Install-Module                    Function  PowerShellGet
Publish-Module                    Function  PowerShellGet
Save-Module                       Function  PowerShellGet
Uninstall-Module                  Function  PowerShellGet
Update-Module                     Function  PowerShellGet
Update-ModuleManifest             Function  PowerShellGet
Export-ModuleMember               Cmdlet    Microsoft.PowerShe...
Get-Module                        Cmdlet    Microsoft.PowerShe...
Import-Module                     Cmdlet    Microsoft.PowerShe...
New-Module                        Cmdlet    Microsoft.PowerShe...
New-ModuleManifest                Cmdlet    Microsoft.PowerShe...
Remove-Module                     Cmdlet    Microsoft.PowerShe...
Test-ModuleManifest               Cmdlet    Microsoft.PowerShe...
InModuleScope                     Function  Pester
Remove-WebManagedModule           Cmdlet    WebAdministration
Set-WebManagedModule              Cmdlet    WebAdministration
Enable-WebGlobalModule            Cmdlet    WebAdministration
Get-WebManagedModule              Cmdlet    WebAdministration
Set-WebGlobalModule               Cmdlet    WebAdministration
New-WebManagedModule              Cmdlet    WebAdministration
Get-WebGlobalModule               Cmdlet    WebAdministration
Disable-WebGlobalModule           Cmdlet    WebAdministration
New-WebGlobalModule               Cmdlet    WebAdministration
Remove-WebGlobalModule            Cmdlet    WebAdministration
about_Modules                     HelpFile


PS C:\WINDOWS\system32> Set-PSReadLineOption -EditMode Emacs
PS C:\WINDOWS\system32> Set-PSReadLineOption
PS C:\WINDOWS\system32> Stop-Transcript
**********************
Windows PowerShell transcript end
End time: 20200517114840
**********************
